            decimal input = decimal.Parse(Console.ReadLine())
            decimal input2 = decimal.Parse(Console.ReadLine())
            decimal input3 = decimal.Parse(Console.ReadLine())
            decimal input4 = decimal.Parse(Console.ReadLine())
            decimal paint = 21.50m * input
            decimal tapeti = 5.20m * input2
            decimal gloves = Math.Ceiling(input2 * 35m / 100m)
            decimal glovesP = gloves * input3
            decimal brush = Math.Floor(input * 48m / 100m)
            decimal brushP = brush * input4

            decimal lastP = (paint + tapeti + glovesP + brushP) *1/15
            Console.WriteLine($"This delivery will cost {lastP:f2} lv.");